Radek
dodane
dośdane
dośdane
dośćdane
dośądane
dośędane
dośĄdane
dośĆdane
dośŃdane
